// Vitest Snapshot v1, https://vitest.dev/guide/snapshot.html

exports[`renders correctly > renders the form 1`] = `
"<div data-v-732673bb="" class="contact">
  <form data-v-732673bb=""><label data-v-732673bb="">Email:</label><input data-v-732673bb="" type="email" required="" placeholder="phoebe@gmail.com">
    <!--v-if--><label data-v-732673bb="">Name:</label><input data-v-732673bb="" type="text" required="" placeholder="Phoebe Buffay">
    <!--v-if--><label data-v-732673bb="">Mobile:</label><input data-v-732673bb="" type="tel" required="" placeholder="600600600">
    <!--v-if--><label data-v-732673bb=""> Role: </label><select data-v-732673bb="" required="">
      <option data-v-732673bb="" type="role" value="developer">Web Developer</option>
      <option data-v-732673bb="" type="role" value="recruiter">Recruiter</option>
      <option data-v-732673bb="" type="role" value="student">Web Student</option>
      <option data-v-732673bb="" type="role" value="other">Other</option>
    </select>
    <!--v-if-->
    <div data-v-732673bb="" class="accept">
      <div data-v-732673bb="" class="terms"><input data-v-732673bb="" type="checkbox" required=""><label data-v-732673bb="">Accept terms and conditions</label></div>
      <div data-v-732673bb="" class="submit"><button data-v-732673bb="">Send</button></div>
    </div>
  </form>
</div>"
`;
